mode: atomic
github.com/Bastien-Antigravity/distributed-config/src/core/config.go:42.50,44.16 2 1008
github.com/Bastien-Antigravity/distributed-config/src/core/config.go:44.16,46.3 1 0
github.com/Bastien-Antigravity/distributed-config/src/core/config.go:47.2,48.32 2 1008
github.com/Bastien-Antigravity/distributed-config/src/core/config.go:48.32,49.28 1 1008
github.com/Bastien-Antigravity/distributed-config/src/core/config.go:49.28,51.4 1 1008
github.com/Bastien-Antigravity/distributed-config/src/core/config.go:53.2,53.11 1 0
github.com/Bastien-Antigravity/distributed-config/src/core/config.go:60.60,61.20 1 1006
github.com/Bastien-Antigravity/distributed-config/src/core/config.go:61.20,63.3 1 1
github.com/Bastien-Antigravity/distributed-config/src/core/config.go:66.2,69.28 2 1005
github.com/Bastien-Antigravity/distributed-config/src/core/config.go:74.62,75.19 1 0
github.com/Bastien-Antigravity/distributed-config/src/core/config.go:75.19,77.3 1 0
github.com/Bastien-Antigravity/distributed-config/src/core/config.go:83.97,84.20 1 1005
github.com/Bastien-Antigravity/distributed-config/src/core/config.go:84.20,86.3 1 0
github.com/Bastien-Antigravity/distributed-config/src/core/config.go:89.2,91.19 3 1005
github.com/Bastien-Antigravity/distributed-config/src/core/config.go:91.19,92.30 1 1005
github.com/Bastien-Antigravity/distributed-config/src/core/config.go:92.30,94.25 2 1003
github.com/Bastien-Antigravity/distributed-config/src/core/config.go:94.25,96.5 1 1003
github.com/Bastien-Antigravity/distributed-config/src/core/config.go:101.2,101.35 1 1005
github.com/Bastien-Antigravity/distributed-config/src/core/config.go:101.35,102.36 1 1006
github.com/Bastien-Antigravity/distributed-config/src/core/config.go:102.36,104.4 1 5
github.com/Bastien-Antigravity/distributed-config/src/core/config.go:105.3,105.24 1 1006
github.com/Bastien-Antigravity/distributed-config/src/core/config.go:105.24,107.4 1 1007
github.com/Bastien-Antigravity/distributed-config/src/core/config.go:110.2,110.16 1 1005
github.com/Bastien-Antigravity/distributed-config/src/core/config.go:117.70,119.23 2 3
github.com/Bastien-Antigravity/distributed-config/src/core/config.go:119.23,121.3 1 1
github.com/Bastien-Antigravity/distributed-config/src/core/config.go:122.2,123.16 2 2
github.com/Bastien-Antigravity/distributed-config/src/core/config.go:123.16,125.3 1 0
github.com/Bastien-Antigravity/distributed-config/src/core/config.go:126.2,126.37 1 2
github.com/Bastien-Antigravity/distributed-config/src/core/config.go:133.52,136.59 2 2
github.com/Bastien-Antigravity/distributed-config/src/core/config.go:136.59,138.3 1 1
github.com/Bastien-Antigravity/distributed-config/src/core/config.go:139.2,139.38 1 1
github.com/Bastien-Antigravity/distributed-config/src/core/config.go:139.38,141.3 1 0
github.com/Bastien-Antigravity/distributed-config/src/core/config.go:144.2,145.62 2 1
github.com/Bastien-Antigravity/distributed-config/src/core/config.go:145.62,147.3 1 0
github.com/Bastien-Antigravity/distributed-config/src/core/config.go:148.2,148.38 1 1
github.com/Bastien-Antigravity/distributed-config/src/core/config.go:148.38,150.3 1 0
github.com/Bastien-Antigravity/distributed-config/src/core/config.go:155.2,155.12 1 1
github.com/Bastien-Antigravity/distributed-config/src/core/config.go:163.57,164.20 1 3
github.com/Bastien-Antigravity/distributed-config/src/core/config.go:164.20,166.3 1 0
github.com/Bastien-Antigravity/distributed-config/src/core/config.go:168.2,170.29 2 3
github.com/Bastien-Antigravity/distributed-config/src/core/config.go:171.36,172.14 1 1
github.com/Bastien-Antigravity/distributed-config/src/core/config.go:173.25,176.4 1 1
github.com/Bastien-Antigravity/distributed-config/src/core/config.go:177.30,179.23 2 1
github.com/Bastien-Antigravity/distributed-config/src/core/config.go:179.23,180.55 1 2
github.com/Bastien-Antigravity/distributed-config/src/core/config.go:180.55,183.35 2 0
github.com/Bastien-Antigravity/distributed-config/src/core/config.go:183.35,185.6 1 0
github.com/Bastien-Antigravity/distributed-config/src/core/config.go:186.5,186.25 1 0
github.com/Bastien-Antigravity/distributed-config/src/core/config.go:187.10,187.57 1 2
github.com/Bastien-Antigravity/distributed-config/src/core/config.go:187.57,190.5 1 0
github.com/Bastien-Antigravity/distributed-config/src/core/config.go:190.10,192.33 1 2
github.com/Bastien-Antigravity/distributed-config/src/core/config.go:192.33,194.6 1 1
github.com/Bastien-Antigravity/distributed-config/src/core/config.go:195.5,195.48 1 2
github.com/Bastien-Antigravity/distributed-config/src/core/config.go:198.10,199.77 1 0
github.com/Bastien-Antigravity/distributed-config/src/core/config.go:202.2,203.12 2 3
github.com/Bastien-Antigravity/distributed-config/src/core/config.go:210.64,212.2 1 0
github.com/Bastien-Antigravity/distributed-config/src/core/config.go:218.68,220.2 1 0
github.com/Bastien-Antigravity/distributed-config/src/core/config.go:224.79,225.27 1 0
github.com/Bastien-Antigravity/distributed-config/src/core/config.go:225.27,227.3 1 0
github.com/Bastien-Antigravity/distributed-config/src/core/config.go:228.2,229.9 2 0
github.com/Bastien-Antigravity/distributed-config/src/core/config.go:229.9,231.3 1 0
github.com/Bastien-Antigravity/distributed-config/src/core/config.go:233.2,234.9 2 0
github.com/Bastien-Antigravity/distributed-config/src/core/config.go:234.9,236.3 1 0
github.com/Bastien-Antigravity/distributed-config/src/core/config.go:238.2,239.23 2 0
github.com/Bastien-Antigravity/distributed-config/src/core/config.go:239.23,241.3 1 0
github.com/Bastien-Antigravity/distributed-config/src/core/config.go:243.2,244.20 2 0
github.com/Bastien-Antigravity/distributed-config/src/core/config.go:244.20,246.3 1 0
github.com/Bastien-Antigravity/distributed-config/src/core/config.go:248.2,248.43 1 0
github.com/Bastien-Antigravity/distributed-config/src/core/defaults.go:7.33,59.2 1 0
github.com/Bastien-Antigravity/distributed-config/src/core/service_schemas.go:15.41,16.32 1 1
github.com/Bastien-Antigravity/distributed-config/src/core/service_schemas.go:16.32,18.3 1 0
github.com/Bastien-Antigravity/distributed-config/src/core/service_schemas.go:19.2,19.12 1 1
github.com/Bastien-Antigravity/distributed-config/src/core/service_schemas.go:31.44,32.32 1 1
github.com/Bastien-Antigravity/distributed-config/src/core/service_schemas.go:32.32,34.3 1 0
github.com/Bastien-Antigravity/distributed-config/src/core/service_schemas.go:35.2,35.12 1 1
github.com/Bastien-Antigravity/distributed-config/src/core/skeleton.go:7.34,17.2 1 0
github.com/Bastien-Antigravity/distributed-config/distributed_config.go:23.34,25.2 1 0
github.com/Bastien-Antigravity/distributed-config/distributed_config.go:28.32,30.2 1 0
github.com/Bastien-Antigravity/distributed-config/distributed_config.go:33.49,35.2 1 0
github.com/Bastien-Antigravity/distributed-config/distributed_config.go:38.59,40.2 1 0
github.com/Bastien-Antigravity/distributed-config/src/cgo_bridge/config.go:26.65,31.34 4 0
github.com/Bastien-Antigravity/distributed-config/src/cgo_bridge/config.go:31.34,33.3 1 0
github.com/Bastien-Antigravity/distributed-config/src/cgo_bridge/config.go:35.2,36.15 2 0
github.com/Bastien-Antigravity/distributed-config/src/cgo_bridge/config.go:36.15,38.3 1 0
github.com/Bastien-Antigravity/distributed-config/src/cgo_bridge/config.go:39.2,39.23 1 0
github.com/Bastien-Antigravity/distributed-config/src/cgo_bridge/config.go:45.64,50.33 4 0
github.com/Bastien-Antigravity/distributed-config/src/cgo_bridge/config.go:50.33,57.3 2 0
github.com/Bastien-Antigravity/distributed-config/src/cgo_bridge/config.go:63.40,68.34 4 0
github.com/Bastien-Antigravity/distributed-config/src/cgo_bridge/config.go:68.34,70.3 1 0
github.com/Bastien-Antigravity/distributed-config/src/cgo_bridge/config.go:72.2,72.46 1 0
github.com/Bastien-Antigravity/distributed-config/src/cgo_bridge/config.go:72.46,74.3 1 0
github.com/Bastien-Antigravity/distributed-config/src/cgo_bridge/config.go:75.2,75.10 1 0
github.com/Bastien-Antigravity/distributed-config/src/cgo_bridge/config.go:81.71,86.34 4 0
github.com/Bastien-Antigravity/distributed-config/src/cgo_bridge/config.go:86.34,88.3 1 0
github.com/Bastien-Antigravity/distributed-config/src/cgo_bridge/config.go:90.2,90.76 1 0
github.com/Bastien-Antigravity/distributed-config/src/cgo_bridge/config.go:90.76,92.17 2 0
github.com/Bastien-Antigravity/distributed-config/src/cgo_bridge/config.go:92.17,94.4 1 0
github.com/Bastien-Antigravity/distributed-config/src/cgo_bridge/config.go:97.3,97.13 1 0
github.com/Bastien-Antigravity/distributed-config/src/cgo_bridge/config.go:97.13,101.4 3 0
github.com/Bastien-Antigravity/distributed-config/src/cgo_bridge/config.go:107.66,112.34 4 0
github.com/Bastien-Antigravity/distributed-config/src/cgo_bridge/config.go:112.34,114.3 1 0
github.com/Bastien-Antigravity/distributed-config/src/cgo_bridge/config.go:116.2,120.66 3 0
github.com/Bastien-Antigravity/distributed-config/src/cgo_bridge/config.go:120.66,122.3 1 0
github.com/Bastien-Antigravity/distributed-config/src/cgo_bridge/config.go:124.2,124.60 1 0
github.com/Bastien-Antigravity/distributed-config/src/cgo_bridge/config.go:124.60,126.3 1 0
github.com/Bastien-Antigravity/distributed-config/src/cgo_bridge/config.go:127.2,127.10 1 0
github.com/Bastien-Antigravity/distributed-config/src/cgo_bridge/initialize.go:25.14,25.15 0 0
github.com/Bastien-Antigravity/distributed-config/src/cgo_bridge/initialize.go:30.44,34.16 3 0
github.com/Bastien-Antigravity/distributed-config/src/cgo_bridge/initialize.go:34.16,36.3 1 0
github.com/Bastien-Antigravity/distributed-config/src/cgo_bridge/initialize.go:38.2,46.11 6 0
github.com/Bastien-Antigravity/distributed-config/src/cgo_bridge/initialize.go:52.37,55.38 3 5
github.com/Bastien-Antigravity/distributed-config/src/cgo_bridge/initialize.go:55.38,57.3 1 5
github.com/Bastien-Antigravity/distributed-config/src/cgo_bridge/networking.go:15.70,20.34 4 0
github.com/Bastien-Antigravity/distributed-config/src/cgo_bridge/networking.go:20.34,22.3 1 0
github.com/Bastien-Antigravity/distributed-config/src/cgo_bridge/networking.go:24.2,25.16 2 0
github.com/Bastien-Antigravity/distributed-config/src/cgo_bridge/networking.go:25.16,27.3 1 0
github.com/Bastien-Antigravity/distributed-config/src/cgo_bridge/networking.go:28.2,28.24 1 0
github.com/Bastien-Antigravity/distributed-config/src/cgo_bridge/networking.go:34.74,39.34 4 0
github.com/Bastien-Antigravity/distributed-config/src/cgo_bridge/networking.go:39.34,41.3 1 0
github.com/Bastien-Antigravity/distributed-config/src/cgo_bridge/networking.go:43.2,44.16 2 0
github.com/Bastien-Antigravity/distributed-config/src/cgo_bridge/networking.go:44.16,46.3 1 0
github.com/Bastien-Antigravity/distributed-config/src/cgo_bridge/networking.go:47.2,47.24 1 0
github.com/Bastien-Antigravity/distributed-config/src/cgo_bridge/networking.go:53.73,58.34 4 0
github.com/Bastien-Antigravity/distributed-config/src/cgo_bridge/networking.go:58.34,60.3 1 0
github.com/Bastien-Antigravity/distributed-config/src/cgo_bridge/networking.go:62.2,64.27 3 0
github.com/Bastien-Antigravity/distributed-config/src/cgo_bridge/networking.go:64.27,66.3 1 0
github.com/Bastien-Antigravity/distributed-config/src/cgo_bridge/networking.go:68.2,69.16 2 0
github.com/Bastien-Antigravity/distributed-config/src/cgo_bridge/networking.go:69.16,71.3 1 0
github.com/Bastien-Antigravity/distributed-config/src/cgo_bridge/networking.go:72.2,72.36 1 0
github.com/Bastien-Antigravity/distributed-config/src/cgo_bridge/networking.go:78.53,83.34 4 0
github.com/Bastien-Antigravity/distributed-config/src/cgo_bridge/networking.go:83.34,85.3 1 0
github.com/Bastien-Antigravity/distributed-config/src/cgo_bridge/networking.go:88.2,95.16 3 0
github.com/Bastien-Antigravity/distributed-config/src/cgo_bridge/networking.go:95.16,97.3 1 0
github.com/Bastien-Antigravity/distributed-config/src/cgo_bridge/networking.go:98.2,98.36 1 0
github.com/Bastien-Antigravity/distributed-config/src/cgo_bridge/sanitizer.go:16.42,24.2 3 0
github.com/Bastien-Antigravity/distributed-config/src/cgo_bridge/sanitizer.go:29.39,30.16 1 0
github.com/Bastien-Antigravity/distributed-config/src/cgo_bridge/sanitizer.go:30.16,32.3 1 0
github.com/Bastien-Antigravity/distributed-config/src/cgo_bridge/security.go:15.67,20.16 2 0
github.com/Bastien-Antigravity/distributed-config/src/cgo_bridge/security.go:20.16,22.3 1 0
github.com/Bastien-Antigravity/distributed-config/src/cgo_bridge/security.go:23.2,23.29 1 0
github.com/Bastien-Antigravity/distributed-config/src/cgo_bridge/validation.go:11.61,16.34 4 0
github.com/Bastien-Antigravity/distributed-config/src/cgo_bridge/validation.go:16.34,18.3 1 0
github.com/Bastien-Antigravity/distributed-config/src/cgo_bridge/validation.go:20.2,20.67 1 0
github.com/Bastien-Antigravity/distributed-config/src/cgo_bridge/validation.go:20.67,22.3 1 0
github.com/Bastien-Antigravity/distributed-config/src/cgo_bridge/validation.go:23.2,23.10 1 0
github.com/Bastien-Antigravity/distributed-config/src/facade/config_facade.go:30.40,45.16 9 4
github.com/Bastien-Antigravity/distributed-config/src/facade/config_facade.go:45.16,48.3 2 0
github.com/Bastien-Antigravity/distributed-config/src/facade/config_facade.go:50.2,50.21 1 4
github.com/Bastien-Antigravity/distributed-config/src/facade/config_facade.go:50.21,51.100 1 0
github.com/Bastien-Antigravity/distributed-config/src/facade/config_facade.go:55.2,55.60 1 4
github.com/Bastien-Antigravity/distributed-config/src/facade/config_facade.go:55.60,59.3 2 1
github.com/Bastien-Antigravity/distributed-config/src/facade/config_facade.go:62.2,62.60 1 3
github.com/Bastien-Antigravity/distributed-config/src/facade/config_facade.go:62.60,64.3 1 0
github.com/Bastien-Antigravity/distributed-config/src/facade/config_facade.go:67.2,70.22 3 3
github.com/Bastien-Antigravity/distributed-config/src/facade/config_facade.go:76.95,78.27 2 4
github.com/Bastien-Antigravity/distributed-config/src/facade/config_facade.go:78.27,80.3 1 0
github.com/Bastien-Antigravity/distributed-config/src/facade/config_facade.go:85.65,86.28 1 4
github.com/Bastien-Antigravity/distributed-config/src/facade/config_facade.go:86.28,87.69 1 3
github.com/Bastien-Antigravity/distributed-config/src/facade/config_facade.go:87.69,89.4 1 0
github.com/Bastien-Antigravity/distributed-config/src/facade/config_facade.go:90.8,93.3 1 1
github.com/Bastien-Antigravity/distributed-config/src/facade/config_facade.go:96.2,96.42 1 4
github.com/Bastien-Antigravity/distributed-config/src/facade/config_facade.go:96.42,98.3 1 4
github.com/Bastien-Antigravity/distributed-config/src/facade/config_facade.go:102.61,106.2 1 4
github.com/Bastien-Antigravity/distributed-config/src/facade/config_facade.go:110.36,111.28 1 0
github.com/Bastien-Antigravity/distributed-config/src/facade/config_facade.go:111.28,113.3 1 0
github.com/Bastien-Antigravity/distributed-config/src/facade/config_facade.go:114.2,114.44 1 0
github.com/Bastien-Antigravity/distributed-config/cmd/config-tool/main.go:16.13,17.22 1 0
github.com/Bastien-Antigravity/distributed-config/cmd/config-tool/main.go:17.22,20.3 2 0
github.com/Bastien-Antigravity/distributed-config/cmd/config-tool/main.go:22.2,23.17 2 0
github.com/Bastien-Antigravity/distributed-config/cmd/config-tool/main.go:24.16,25.17 1 0
github.com/Bastien-Antigravity/distributed-config/cmd/config-tool/main.go:26.17,27.18 1 0
github.com/Bastien-Antigravity/distributed-config/cmd/config-tool/main.go:28.14,29.15 1 0
github.com/Bastien-Antigravity/distributed-config/cmd/config-tool/main.go:30.10,33.13 3 0
github.com/Bastien-Antigravity/distributed-config/cmd/config-tool/main.go:37.19,44.2 6 0
github.com/Bastien-Antigravity/distributed-config/cmd/config-tool/main.go:46.21,49.49 3 0
github.com/Bastien-Antigravity/distributed-config/cmd/config-tool/main.go:49.49,52.3 2 0
github.com/Bastien-Antigravity/distributed-config/cmd/config-tool/main.go:54.2,54.54 1 0
github.com/Bastien-Antigravity/distributed-config/cmd/config-tool/main.go:54.54,57.3 2 0
github.com/Bastien-Antigravity/distributed-config/cmd/config-tool/main.go:59.2,60.16 2 0
github.com/Bastien-Antigravity/distributed-config/cmd/config-tool/main.go:60.16,63.3 2 0
github.com/Bastien-Antigravity/distributed-config/cmd/config-tool/main.go:65.2,67.16 3 0
github.com/Bastien-Antigravity/distributed-config/cmd/config-tool/main.go:67.16,70.3 2 0
github.com/Bastien-Antigravity/distributed-config/cmd/config-tool/main.go:71.2,77.54 3 0
github.com/Bastien-Antigravity/distributed-config/cmd/config-tool/main.go:77.54,80.3 2 0
github.com/Bastien-Antigravity/distributed-config/cmd/config-tool/main.go:82.2,84.16 3 0
github.com/Bastien-Antigravity/distributed-config/cmd/config-tool/main.go:84.16,87.3 2 0
github.com/Bastien-Antigravity/distributed-config/cmd/config-tool/main.go:88.2,95.52 4 0
github.com/Bastien-Antigravity/distributed-config/cmd/config-tool/main.go:95.52,98.3 2 0
github.com/Bastien-Antigravity/distributed-config/cmd/config-tool/main.go:100.2,104.81 5 0
github.com/Bastien-Antigravity/distributed-config/cmd/config-tool/main.go:107.22,111.49 4 0
github.com/Bastien-Antigravity/distributed-config/cmd/config-tool/main.go:111.49,114.3 2 0
github.com/Bastien-Antigravity/distributed-config/cmd/config-tool/main.go:116.2,116.36 1 0
github.com/Bastien-Antigravity/distributed-config/cmd/config-tool/main.go:116.36,120.3 3 0
github.com/Bastien-Antigravity/distributed-config/cmd/config-tool/main.go:122.2,123.16 2 0
github.com/Bastien-Antigravity/distributed-config/cmd/config-tool/main.go:123.16,126.3 2 0
github.com/Bastien-Antigravity/distributed-config/cmd/config-tool/main.go:128.2,129.16 2 0
github.com/Bastien-Antigravity/distributed-config/cmd/config-tool/main.go:129.16,132.3 2 0
github.com/Bastien-Antigravity/distributed-config/cmd/config-tool/main.go:134.2,137.81 4 0
github.com/Bastien-Antigravity/distributed-config/cmd/config-cli/main.go:13.13,27.69 6 0
github.com/Bastien-Antigravity/distributed-config/cmd/config-cli/main.go:27.69,29.36 2 0
github.com/Bastien-Antigravity/distributed-config/cmd/config-cli/main.go:29.36,31.25 2 0
github.com/Bastien-Antigravity/distributed-config/cmd/config-cli/main.go:31.25,33.5 1 0
github.com/Bastien-Antigravity/distributed-config/cmd/config-cli/main.go:38.2,43.35 5 0
github.com/Bastien-Antigravity/distributed-config/cmd/config-cli/main.go:46.43,50.42 3 0
github.com/Bastien-Antigravity/distributed-config/cmd/config-cli/main.go:50.42,53.3 2 0
github.com/Bastien-Antigravity/distributed-config/cmd/config-cli/main.go:55.2,55.36 1 0
github.com/Bastien-Antigravity/distributed-config/cmd/config-cli/main.go:55.36,57.24 2 0
github.com/Bastien-Antigravity/distributed-config/cmd/config-cli/main.go:57.24,59.4 1 0
github.com/Bastien-Antigravity/distributed-config/src/network/client.go:24.67,32.36 3 0
github.com/Bastien-Antigravity/distributed-config/src/network/client.go:32.36,34.3 1 0
github.com/Bastien-Antigravity/distributed-config/src/network/client.go:35.2,35.15 1 0
github.com/Bastien-Antigravity/distributed-config/src/network/client.go:41.34,44.20 2 0
github.com/Bastien-Antigravity/distributed-config/src/network/client.go:44.20,46.3 1 0
github.com/Bastien-Antigravity/distributed-config/src/network/client.go:49.2,52.16 3 0
github.com/Bastien-Antigravity/distributed-config/src/network/client.go:52.16,55.3 2 0
github.com/Bastien-Antigravity/distributed-config/src/network/client.go:56.2,57.22 2 0
github.com/Bastien-Antigravity/distributed-config/src/network/client.go:63.32,65.19 2 0
github.com/Bastien-Antigravity/distributed-config/src/network/client.go:65.19,67.3 1 0
github.com/Bastien-Antigravity/distributed-config/src/network/client.go:68.2,68.12 1 0
github.com/Bastien-Antigravity/distributed-config/src/network/client.go:74.26,75.12 1 0
github.com/Bastien-Antigravity/distributed-config/src/network/client.go:75.12,76.7 1 0
github.com/Bastien-Antigravity/distributed-config/src/network/client.go:76.7,77.11 1 0
github.com/Bastien-Antigravity/distributed-config/src/network/client.go:78.18,79.11 1 0
github.com/Bastien-Antigravity/distributed-config/src/network/client.go:80.12,81.22 1 0
github.com/Bastien-Antigravity/distributed-config/src/network/client.go:81.22,83.6 1 0
github.com/Bastien-Antigravity/distributed-config/src/network/client.go:84.5,85.19 2 0
github.com/Bastien-Antigravity/distributed-config/src/network/client.go:85.19,88.6 1 0
github.com/Bastien-Antigravity/distributed-config/src/network/client.go:89.5,89.22 1 0
github.com/Bastien-Antigravity/distributed-config/src/network/client.go:89.22,91.6 1 0
github.com/Bastien-Antigravity/distributed-config/src/network/client.go:100.52,103.16 2 0
github.com/Bastien-Antigravity/distributed-config/src/network/client.go:103.16,105.3 1 0
github.com/Bastien-Antigravity/distributed-config/src/network/client.go:107.2,107.19 1 0
github.com/Bastien-Antigravity/distributed-config/src/network/client.go:107.19,108.43 1 0
github.com/Bastien-Antigravity/distributed-config/src/network/client.go:108.43,110.4 1 0
github.com/Bastien-Antigravity/distributed-config/src/network/client.go:113.3,114.17 2 0
github.com/Bastien-Antigravity/distributed-config/src/network/client.go:114.17,116.4 1 0
github.com/Bastien-Antigravity/distributed-config/src/network/client.go:119.3,119.56 1 0
github.com/Bastien-Antigravity/distributed-config/src/network/client.go:119.56,121.4 1 0
github.com/Bastien-Antigravity/distributed-config/src/network/client.go:122.8,125.3 1 0
github.com/Bastien-Antigravity/distributed-config/src/network/client.go:127.2,127.36 1 0
github.com/Bastien-Antigravity/distributed-config/src/network/client.go:133.55,135.2 1 0
github.com/Bastien-Antigravity/distributed-config/src/network/client.go:138.73,139.14 1 0
github.com/Bastien-Antigravity/distributed-config/src/network/client.go:139.14,141.3 1 0
github.com/Bastien-Antigravity/distributed-config/src/network/client.go:142.2,143.16 2 0
github.com/Bastien-Antigravity/distributed-config/src/network/client.go:143.16,145.3 1 0
github.com/Bastien-Antigravity/distributed-config/src/network/client.go:146.2,146.19 1 0
github.com/Bastien-Antigravity/distributed-config/src/network/client.go:146.19,148.3 1 0
github.com/Bastien-Antigravity/distributed-config/src/network/client.go:149.2,149.12 1 0
github.com/Bastien-Antigravity/distributed-config/src/network/proto_handler.go:27.77,28.16 1 1
github.com/Bastien-Antigravity/distributed-config/src/network/proto_handler.go:28.16,30.3 1 0
github.com/Bastien-Antigravity/distributed-config/src/network/proto_handler.go:31.2,34.3 1 1
github.com/Bastien-Antigravity/distributed-config/src/network/proto_handler.go:40.89,42.2 1 1
github.com/Bastien-Antigravity/distributed-config/src/network/proto_handler.go:44.80,46.2 1 1
github.com/Bastien-Antigravity/distributed-config/src/network/proto_handler.go:51.104,55.20 3 2
github.com/Bastien-Antigravity/distributed-config/src/network/proto_handler.go:55.20,57.17 2 0
github.com/Bastien-Antigravity/distributed-config/src/network/proto_handler.go:57.17,59.4 1 0
github.com/Bastien-Antigravity/distributed-config/src/network/proto_handler.go:60.8,60.84 1 2
github.com/Bastien-Antigravity/distributed-config/src/network/proto_handler.go:60.84,63.17 2 1
github.com/Bastien-Antigravity/distributed-config/src/network/proto_handler.go:63.17,65.4 1 0
github.com/Bastien-Antigravity/distributed-config/src/network/proto_handler.go:68.2,72.27 2 2
github.com/Bastien-Antigravity/distributed-config/src/network/proto_handler.go:78.67,80.54 2 2
github.com/Bastien-Antigravity/distributed-config/src/network/proto_handler.go:80.54,82.3 1 0
github.com/Bastien-Antigravity/distributed-config/src/network/proto_handler.go:84.2,84.21 1 2
github.com/Bastien-Antigravity/distributed-config/src/network/proto_handler.go:85.35,87.62 2 1
github.com/Bastien-Antigravity/distributed-config/src/network/proto_handler.go:87.62,89.4 1 0
github.com/Bastien-Antigravity/distributed-config/src/network/proto_handler.go:90.3,90.29 1 1
github.com/Bastien-Antigravity/distributed-config/src/network/proto_handler.go:92.39,94.62 2 1
github.com/Bastien-Antigravity/distributed-config/src/network/proto_handler.go:94.62,96.4 1 0
github.com/Bastien-Antigravity/distributed-config/src/network/proto_handler.go:97.3,97.32 1 1
github.com/Bastien-Antigravity/distributed-config/src/network/proto_handler.go:97.32,99.4 1 1
github.com/Bastien-Antigravity/distributed-config/src/network/proto_handler.go:101.24,101.24 0 0
github.com/Bastien-Antigravity/distributed-config/src/network/proto_handler.go:104.29,106.62 2 0
github.com/Bastien-Antigravity/distributed-config/src/network/proto_handler.go:106.62,108.4 1 0
github.com/Bastien-Antigravity/distributed-config/src/network/proto_handler.go:109.3,109.29 1 0
github.com/Bastien-Antigravity/distributed-config/src/network/proto_handler.go:111.26,112.72 1 0
github.com/Bastien-Antigravity/distributed-config/src/network/proto_handler.go:114.10,115.72 1 0
github.com/Bastien-Antigravity/distributed-config/src/network/proto_handler.go:117.2,117.12 1 2
github.com/Bastien-Antigravity/distributed-config/src/network/proto_handler.go:122.86,126.31 2 1
github.com/Bastien-Antigravity/distributed-config/src/network/proto_handler.go:126.31,128.3 1 1
github.com/Bastien-Antigravity/distributed-config/src/loader/env_loader.go:14.45,15.49 1 0
github.com/Bastien-Antigravity/distributed-config/src/loader/env_loader.go:15.49,17.3 1 0
github.com/Bastien-Antigravity/distributed-config/src/loader/env_loader.go:19.2,19.50 1 0
github.com/Bastien-Antigravity/distributed-config/src/loader/env_loader.go:19.50,20.37 1 0
github.com/Bastien-Antigravity/distributed-config/src/loader/env_loader.go:20.37,22.4 1 0
github.com/Bastien-Antigravity/distributed-config/src/loader/env_loader.go:22.9,24.4 1 0
github.com/Bastien-Antigravity/distributed-config/src/loader/env_loader.go:28.2,28.50 1 0
github.com/Bastien-Antigravity/distributed-config/src/loader/env_loader.go:28.50,29.33 1 0
github.com/Bastien-Antigravity/distributed-config/src/loader/env_loader.go:29.33,31.4 1 0
github.com/Bastien-Antigravity/distributed-config/src/loader/env_loader.go:32.3,32.50 1 0
github.com/Bastien-Antigravity/distributed-config/src/loader/env_loader.go:32.50,34.4 1 0
github.com/Bastien-Antigravity/distributed-config/src/loader/env_loader.go:36.3,36.81 1 0
github.com/Bastien-Antigravity/distributed-config/src/loader/env_loader.go:36.81,38.4 1 0
github.com/Bastien-Antigravity/distributed-config/src/loader/env_loader.go:40.2,40.52 1 0
github.com/Bastien-Antigravity/distributed-config/src/loader/env_loader.go:40.52,41.33 1 0
github.com/Bastien-Antigravity/distributed-config/src/loader/env_loader.go:41.33,43.4 1 0
github.com/Bastien-Antigravity/distributed-config/src/loader/env_loader.go:44.3,44.50 1 0
github.com/Bastien-Antigravity/distributed-config/src/loader/env_loader.go:44.50,46.4 1 0
github.com/Bastien-Antigravity/distributed-config/src/loader/env_loader.go:47.3,47.81 1 0
github.com/Bastien-Antigravity/distributed-config/src/loader/env_loader.go:47.81,49.4 1 0
github.com/Bastien-Antigravity/distributed-config/src/loader/loader.go:17.67,18.53 1 6
github.com/Bastien-Antigravity/distributed-config/src/loader/loader.go:18.53,20.55 2 1
github.com/Bastien-Antigravity/distributed-config/src/loader/loader.go:20.55,21.55 1 0
github.com/Bastien-Antigravity/distributed-config/src/loader/loader.go:21.55,23.5 1 0
github.com/Bastien-Antigravity/distributed-config/src/loader/loader.go:26.3,27.17 2 1
github.com/Bastien-Antigravity/distributed-config/src/loader/loader.go:27.17,29.4 1 0
github.com/Bastien-Antigravity/distributed-config/src/loader/loader.go:31.3,31.60 1 1
github.com/Bastien-Antigravity/distributed-config/src/loader/loader.go:31.60,33.4 1 0
github.com/Bastien-Antigravity/distributed-config/src/loader/loader.go:35.2,35.12 1 6
github.com/Bastien-Antigravity/distributed-config/src/loader/loader.go:44.71,45.78 1 6
github.com/Bastien-Antigravity/distributed-config/src/loader/loader.go:45.78,47.3 1 0
github.com/Bastien-Antigravity/distributed-config/src/loader/loader.go:48.2,49.16 2 6
github.com/Bastien-Antigravity/distributed-config/src/loader/loader.go:49.16,52.3 2 6
github.com/Bastien-Antigravity/distributed-config/src/loader/loader.go:53.2,53.12 1 6
github.com/Bastien-Antigravity/distributed-config/src/loader/loader.go:59.43,62.16 2 6
github.com/Bastien-Antigravity/distributed-config/src/loader/loader.go:62.16,65.50 2 6
github.com/Bastien-Antigravity/distributed-config/src/loader/loader.go:65.50,68.4 1 6
github.com/Bastien-Antigravity/distributed-config/src/loader/loader.go:71.2,71.41 1 6
github.com/Bastien-Antigravity/distributed-config/src/loader/loader.go:71.41,73.17 2 0
github.com/Bastien-Antigravity/distributed-config/src/loader/loader.go:73.17,76.4 2 0
github.com/Bastien-Antigravity/distributed-config/src/loader/loader.go:88.75,89.53 1 1
github.com/Bastien-Antigravity/distributed-config/src/loader/loader.go:89.53,92.3 2 1
github.com/Bastien-Antigravity/distributed-config/src/loader/loader.go:94.2,95.16 2 0
github.com/Bastien-Antigravity/distributed-config/src/loader/loader.go:95.16,97.3 1 0
github.com/Bastien-Antigravity/distributed-config/src/loader/loader.go:98.2,98.12 1 0
github.com/Bastien-Antigravity/distributed-config/src/loader/loader.go:106.32,107.31 1 142
github.com/Bastien-Antigravity/distributed-config/src/loader/loader.go:107.31,109.38 1 106
github.com/Bastien-Antigravity/distributed-config/src/loader/loader.go:109.38,110.55 1 24
github.com/Bastien-Antigravity/distributed-config/src/loader/loader.go:110.55,113.36 3 24
github.com/Bastien-Antigravity/distributed-config/src/loader/loader.go:113.36,115.6 1 15
github.com/Bastien-Antigravity/distributed-config/src/loader/loader.go:116.5,116.35 1 24
github.com/Bastien-Antigravity/distributed-config/src/loader/loader.go:121.3,122.48 2 106
github.com/Bastien-Antigravity/distributed-config/src/loader/loader.go:122.48,125.4 2 4
github.com/Bastien-Antigravity/distributed-config/src/loader/loader.go:125.9,128.4 2 102
github.com/Bastien-Antigravity/distributed-config/src/loader/loader.go:130.2,130.34 1 142
github.com/Bastien-Antigravity/distributed-config/src/loader/loader.go:130.34,132.3 1 136
github.com/Bastien-Antigravity/distributed-config/src/loader/loader.go:140.58,142.16 2 6
github.com/Bastien-Antigravity/distributed-config/src/loader/loader.go:142.16,144.3 1 0
github.com/Bastien-Antigravity/distributed-config/src/loader/loader.go:146.2,147.52 2 6
github.com/Bastien-Antigravity/distributed-config/src/loader/loader.go:147.52,149.3 1 0
github.com/Bastien-Antigravity/distributed-config/src/loader/loader.go:151.2,153.44 2 6
github.com/Bastien-Antigravity/distributed-config/src/loader/loader.go:153.44,155.3 1 0
github.com/Bastien-Antigravity/distributed-config/src/loader/loader.go:157.2,157.12 1 6
github.com/Bastien-Antigravity/distributed-config/src/loader/path_resolver.go:18.50,23.16 4 4
github.com/Bastien-Antigravity/distributed-config/src/loader/path_resolver.go:23.16,28.3 4 4
github.com/Bastien-Antigravity/distributed-config/src/loader/path_resolver.go:30.2,36.22 3 4
github.com/Bastien-Antigravity/distributed-config/src/loader/path_resolver.go:36.22,37.16 1 4
github.com/Bastien-Antigravity/distributed-config/src/loader/path_resolver.go:37.16,39.4 1 4
github.com/Bastien-Antigravity/distributed-config/src/loader/path_resolver.go:40.3,40.19 1 4
github.com/Bastien-Antigravity/distributed-config/src/loader/path_resolver.go:40.19,42.4 1 4
github.com/Bastien-Antigravity/distributed-config/src/loader/path_resolver.go:46.2,46.19 1 4
github.com/Bastien-Antigravity/distributed-config/src/loader/path_resolver.go:46.19,47.16 1 4
github.com/Bastien-Antigravity/distributed-config/src/loader/path_resolver.go:47.16,49.4 1 4
github.com/Bastien-Antigravity/distributed-config/src/loader/path_resolver.go:50.3,50.19 1 4
github.com/Bastien-Antigravity/distributed-config/src/loader/path_resolver.go:50.19,52.4 1 4
github.com/Bastien-Antigravity/distributed-config/src/loader/path_resolver.go:56.2,56.19 1 4
github.com/Bastien-Antigravity/distributed-config/src/loader/path_resolver.go:56.19,57.16 1 4
github.com/Bastien-Antigravity/distributed-config/src/loader/path_resolver.go:57.16,59.4 1 4
github.com/Bastien-Antigravity/distributed-config/src/loader/path_resolver.go:60.3,60.19 1 4
github.com/Bastien-Antigravity/distributed-config/src/loader/path_resolver.go:60.19,62.4 1 4
github.com/Bastien-Antigravity/distributed-config/src/loader/path_resolver.go:66.2,66.34 1 4
github.com/Bastien-Antigravity/distributed-config/src/loader/path_resolver.go:66.34,67.42 1 15
github.com/Bastien-Antigravity/distributed-config/src/loader/path_resolver.go:67.42,69.4 1 3
github.com/Bastien-Antigravity/distributed-config/src/loader/path_resolver.go:73.2,74.24 2 1
github.com/Bastien-Antigravity/distributed-config/src/loader/path_resolver.go:74.24,76.3 1 0
github.com/Bastien-Antigravity/distributed-config/src/loader/path_resolver.go:77.2,77.31 1 1
github.com/Bastien-Antigravity/distributed-config/src/loader/validator.go:12.54,13.30 1 3
github.com/Bastien-Antigravity/distributed-config/src/loader/validator.go:13.30,15.3 1 1
github.com/Bastien-Antigravity/distributed-config/src/loader/validator.go:18.2,19.9 2 2
github.com/Bastien-Antigravity/distributed-config/src/loader/validator.go:19.9,21.3 1 1
github.com/Bastien-Antigravity/distributed-config/src/loader/validator.go:22.2,22.47 1 1
github.com/Bastien-Antigravity/distributed-config/src/loader/validator.go:22.47,25.29 3 1
github.com/Bastien-Antigravity/distributed-config/src/loader/validator.go:25.29,27.4 1 0
github.com/Bastien-Antigravity/distributed-config/src/loader/validator.go:28.8,30.3 1 0
github.com/Bastien-Antigravity/distributed-config/src/loader/validator.go:32.2,32.12 1 1
github.com/Bastien-Antigravity/distributed-config/src/loader/validator.go:38.46,39.54 1 2
github.com/Bastien-Antigravity/distributed-config/src/loader/validator.go:39.54,40.57 1 4
github.com/Bastien-Antigravity/distributed-config/src/loader/validator.go:40.57,41.40 1 4
github.com/Bastien-Antigravity/distributed-config/src/loader/validator.go:41.40,42.70 1 4
github.com/Bastien-Antigravity/distributed-config/src/loader/validator.go:42.70,44.6 1 1
github.com/Bastien-Antigravity/distributed-config/src/loader/validator.go:48.2,48.12 1 1
github.com/Bastien-Antigravity/distributed-config/src/loader/validator.go:54.52,55.54 1 2
github.com/Bastien-Antigravity/distributed-config/src/loader/validator.go:55.54,56.57 1 4
github.com/Bastien-Antigravity/distributed-config/src/loader/validator.go:56.57,57.40 1 4
github.com/Bastien-Antigravity/distributed-config/src/loader/validator.go:57.40,58.58 1 4
github.com/Bastien-Antigravity/distributed-config/src/loader/validator.go:58.58,60.6 1 1
github.com/Bastien-Antigravity/distributed-config/src/loader/validator.go:64.2,64.12 1 1
github.com/Bastien-Antigravity/distributed-config/src/secret/crypto.go:19.47,21.19 2 3
github.com/Bastien-Antigravity/distributed-config/src/secret/crypto.go:21.19,24.53 2 3
github.com/Bastien-Antigravity/distributed-config/src/secret/crypto.go:24.53,26.4 1 3
github.com/Bastien-Antigravity/distributed-config/src/secret/crypto.go:29.2,30.16 2 3
github.com/Bastien-Antigravity/distributed-config/src/secret/crypto.go:30.16,32.3 1 0
github.com/Bastien-Antigravity/distributed-config/src/secret/crypto.go:34.2,35.53 2 3
github.com/Bastien-Antigravity/distributed-config/src/secret/crypto.go:35.53,37.3 1 0
github.com/Bastien-Antigravity/distributed-config/src/secret/crypto.go:39.2,39.47 1 3
github.com/Bastien-Antigravity/distributed-config/src/secret/crypto.go:46.62,48.18 2 2
github.com/Bastien-Antigravity/distributed-config/src/secret/crypto.go:48.18,50.3 1 0
github.com/Bastien-Antigravity/distributed-config/src/secret/crypto.go:52.2,53.16 2 2
github.com/Bastien-Antigravity/distributed-config/src/secret/crypto.go:53.16,55.3 1 0
github.com/Bastien-Antigravity/distributed-config/src/secret/crypto.go:57.2,58.9 2 2
github.com/Bastien-Antigravity/distributed-config/src/secret/crypto.go:58.9,60.3 1 0
github.com/Bastien-Antigravity/distributed-config/src/secret/crypto.go:62.2,63.16 2 2
github.com/Bastien-Antigravity/distributed-config/src/secret/crypto.go:63.16,65.3 1 0
github.com/Bastien-Antigravity/distributed-config/src/secret/crypto.go:67.2,67.83 1 2
github.com/Bastien-Antigravity/distributed-config/src/secret/crypto.go:74.49,76.16 2 2
github.com/Bastien-Antigravity/distributed-config/src/secret/crypto.go:76.16,78.3 1 0
github.com/Bastien-Antigravity/distributed-config/src/secret/crypto.go:80.2,80.83 1 2
github.com/Bastien-Antigravity/distributed-config/src/secret/crypto.go:80.83,82.3 1 0
github.com/Bastien-Antigravity/distributed-config/src/secret/crypto.go:84.2,86.16 3 2
github.com/Bastien-Antigravity/distributed-config/src/secret/crypto.go:86.16,88.3 1 0
github.com/Bastien-Antigravity/distributed-config/src/secret/crypto.go:90.2,91.16 2 2
github.com/Bastien-Antigravity/distributed-config/src/secret/crypto.go:91.16,93.3 1 0
github.com/Bastien-Antigravity/distributed-config/src/secret/crypto.go:95.2,95.31 1 2
github.com/Bastien-Antigravity/distributed-config/src/secret/crypto.go:102.59,105.16 2 1
github.com/Bastien-Antigravity/distributed-config/src/secret/crypto.go:105.16,108.3 1 0
github.com/Bastien-Antigravity/distributed-config/src/secret/crypto.go:110.2,110.72 1 1
github.com/Bastien-Antigravity/distributed-config/src/secret/crypto.go:110.72,112.17 2 1
github.com/Bastien-Antigravity/distributed-config/src/secret/crypto.go:112.17,115.4 2 0
github.com/Bastien-Antigravity/distributed-config/src/secret/crypto.go:116.3,116.27 1 1
github.com/Bastien-Antigravity/distributed-config/src/secret/crypto.go:119.2,119.20 1 1
github.com/Bastien-Antigravity/distributed-config/src/strategies/production.go:33.44,33.67 1 0
github.com/Bastien-Antigravity/distributed-config/src/strategies/production.go:37.59,53.64 7 2
github.com/Bastien-Antigravity/distributed-config/src/strategies/production.go:53.64,56.17 3 1
github.com/Bastien-Antigravity/distributed-config/src/strategies/production.go:56.17,60.18 4 0
github.com/Bastien-Antigravity/distributed-config/src/strategies/production.go:60.18,63.39 2 0
github.com/Bastien-Antigravity/distributed-config/src/strategies/production.go:63.39,65.6 1 0
github.com/Bastien-Antigravity/distributed-config/src/strategies/production.go:67.5,67.32 1 0
github.com/Bastien-Antigravity/distributed-config/src/strategies/production.go:67.32,69.6 1 0
github.com/Bastien-Antigravity/distributed-config/src/strategies/production.go:70.5,70.49 1 0
github.com/Bastien-Antigravity/distributed-config/src/strategies/production.go:70.49,71.51 1 0
github.com/Bastien-Antigravity/distributed-config/src/strategies/production.go:71.51,73.7 1 0
github.com/Bastien-Antigravity/distributed-config/src/strategies/production.go:77.8,79.3 1 1
github.com/Bastien-Antigravity/distributed-config/src/strategies/production.go:83.2,83.45 1 2
github.com/Bastien-Antigravity/distributed-config/src/strategies/production.go:83.45,84.56 1 1
github.com/Bastien-Antigravity/distributed-config/src/strategies/production.go:84.56,86.4 1 0
github.com/Bastien-Antigravity/distributed-config/src/strategies/production.go:90.2,90.55 1 2
github.com/Bastien-Antigravity/distributed-config/src/strategies/production.go:90.55,92.3 1 1
github.com/Bastien-Antigravity/distributed-config/src/strategies/production.go:95.2,95.56 1 1
github.com/Bastien-Antigravity/distributed-config/src/strategies/production.go:95.56,97.3 1 1
github.com/Bastien-Antigravity/distributed-config/src/strategies/production.go:99.2,99.12 1 0
github.com/Bastien-Antigravity/distributed-config/src/strategies/production.go:104.59,105.21 1 0
github.com/Bastien-Antigravity/distributed-config/src/strategies/production.go:105.21,108.3 2 0
github.com/Bastien-Antigravity/distributed-config/src/strategies/production.go:109.2,109.12 1 0
github.com/Bastien-Antigravity/distributed-config/src/strategies/production.go:114.96,115.21 1 0
github.com/Bastien-Antigravity/distributed-config/src/strategies/production.go:115.21,117.3 1 0
github.com/Bastien-Antigravity/distributed-config/src/strategies/production.go:121.2,122.22 2 0
github.com/Bastien-Antigravity/distributed-config/src/strategies/production.go:122.22,124.3 1 0
github.com/Bastien-Antigravity/distributed-config/src/strategies/production.go:127.2,128.60 2 0
github.com/Bastien-Antigravity/distributed-config/src/strategies/production.go:128.60,130.3 1 0
github.com/Bastien-Antigravity/distributed-config/src/strategies/production.go:133.2,134.12 2 0
github.com/Bastien-Antigravity/distributed-config/src/strategies/production.go:139.71,140.21 1 0
github.com/Bastien-Antigravity/distributed-config/src/strategies/production.go:140.21,142.3 1 0
github.com/Bastien-Antigravity/distributed-config/src/strategies/production.go:143.2,143.12 1 0
github.com/Bastien-Antigravity/distributed-config/src/strategies/staging.go:32.41,32.61 1 0
github.com/Bastien-Antigravity/distributed-config/src/strategies/staging.go:36.56,52.64 7 1
github.com/Bastien-Antigravity/distributed-config/src/strategies/staging.go:52.64,55.17 3 0
github.com/Bastien-Antigravity/distributed-config/src/strategies/staging.go:55.17,59.18 4 0
github.com/Bastien-Antigravity/distributed-config/src/strategies/staging.go:59.18,62.39 2 0
github.com/Bastien-Antigravity/distributed-config/src/strategies/staging.go:62.39,64.6 1 0
github.com/Bastien-Antigravity/distributed-config/src/strategies/staging.go:66.5,66.32 1 0
github.com/Bastien-Antigravity/distributed-config/src/strategies/staging.go:66.32,68.6 1 0
github.com/Bastien-Antigravity/distributed-config/src/strategies/staging.go:69.5,69.49 1 0
github.com/Bastien-Antigravity/distributed-config/src/strategies/staging.go:69.49,70.51 1 0
github.com/Bastien-Antigravity/distributed-config/src/strategies/staging.go:70.51,72.7 1 0
github.com/Bastien-Antigravity/distributed-config/src/strategies/staging.go:76.8,78.3 1 1
github.com/Bastien-Antigravity/distributed-config/src/strategies/staging.go:82.2,82.45 1 1
github.com/Bastien-Antigravity/distributed-config/src/strategies/staging.go:82.45,83.66 1 0
github.com/Bastien-Antigravity/distributed-config/src/strategies/staging.go:83.66,85.4 1 0
github.com/Bastien-Antigravity/distributed-config/src/strategies/staging.go:89.2,89.56 1 1
github.com/Bastien-Antigravity/distributed-config/src/strategies/staging.go:89.56,91.3 1 1
github.com/Bastien-Antigravity/distributed-config/src/strategies/staging.go:93.2,93.12 1 0
github.com/Bastien-Antigravity/distributed-config/src/strategies/staging.go:98.56,101.2 2 0
github.com/Bastien-Antigravity/distributed-config/src/strategies/staging.go:105.68,106.21 1 0
github.com/Bastien-Antigravity/distributed-config/src/strategies/staging.go:106.21,108.3 1 0
github.com/Bastien-Antigravity/distributed-config/src/strategies/staging.go:109.2,109.12 1 0
github.com/Bastien-Antigravity/distributed-config/src/strategies/staging.go:114.93,117.2 2 0
github.com/Bastien-Antigravity/distributed-config/src/strategies/standalone.go:27.44,27.67 1 0
github.com/Bastien-Antigravity/distributed-config/src/strategies/standalone.go:31.59,39.2 3 1
github.com/Bastien-Antigravity/distributed-config/src/strategies/standalone.go:43.59,46.2 1 0
github.com/Bastien-Antigravity/distributed-config/src/strategies/standalone.go:50.96,53.2 2 0
github.com/Bastien-Antigravity/distributed-config/src/strategies/standalone.go:57.71,59.2 1 0
github.com/Bastien-Antigravity/distributed-config/src/strategies/test.go:33.38,33.55 1 0
github.com/Bastien-Antigravity/distributed-config/src/strategies/test.go:37.53,42.65 3 0
github.com/Bastien-Antigravity/distributed-config/src/strategies/test.go:42.65,44.3 1 0
github.com/Bastien-Antigravity/distributed-config/src/strategies/test.go:47.2,55.64 4 0
github.com/Bastien-Antigravity/distributed-config/src/strategies/test.go:55.64,58.17 3 0
github.com/Bastien-Antigravity/distributed-config/src/strategies/test.go:58.17,62.18 4 0
github.com/Bastien-Antigravity/distributed-config/src/strategies/test.go:62.18,66.39 2 0
github.com/Bastien-Antigravity/distributed-config/src/strategies/test.go:66.39,68.6 1 0
github.com/Bastien-Antigravity/distributed-config/src/strategies/test.go:71.9,73.4 1 0
github.com/Bastien-Antigravity/distributed-config/src/strategies/test.go:74.8,76.3 1 0
github.com/Bastien-Antigravity/distributed-config/src/strategies/test.go:81.2,81.65 1 0
github.com/Bastien-Antigravity/distributed-config/src/strategies/test.go:81.65,83.3 1 0
github.com/Bastien-Antigravity/distributed-config/src/strategies/test.go:85.2,85.49 1 0
github.com/Bastien-Antigravity/distributed-config/src/strategies/test.go:85.49,87.3 1 0
github.com/Bastien-Antigravity/distributed-config/src/strategies/test.go:90.2,90.56 1 0
github.com/Bastien-Antigravity/distributed-config/src/strategies/test.go:90.56,92.3 1 0
github.com/Bastien-Antigravity/distributed-config/src/strategies/test.go:94.2,94.12 1 0
github.com/Bastien-Antigravity/distributed-config/src/strategies/test.go:99.53,100.21 1 0
github.com/Bastien-Antigravity/distributed-config/src/strategies/test.go:100.21,103.3 2 0
github.com/Bastien-Antigravity/distributed-config/src/strategies/test.go:104.2,104.12 1 0
github.com/Bastien-Antigravity/distributed-config/src/strategies/test.go:109.65,110.21 1 0
github.com/Bastien-Antigravity/distributed-config/src/strategies/test.go:110.21,112.3 1 0
github.com/Bastien-Antigravity/distributed-config/src/strategies/test.go:113.2,113.12 1 0
github.com/Bastien-Antigravity/distributed-config/src/strategies/test.go:118.90,123.21 2 0
github.com/Bastien-Antigravity/distributed-config/src/strategies/test.go:123.21,125.61 2 0
github.com/Bastien-Antigravity/distributed-config/src/strategies/test.go:125.61,127.4 1 0
github.com/Bastien-Antigravity/distributed-config/src/strategies/test.go:131.2,132.12 2 0
github.com/Bastien-Antigravity/distributed-config/cmd/test/main.go:10.13,16.64 4 0
github.com/Bastien-Antigravity/distributed-config/cmd/test/main.go:16.64,18.3 1 0
github.com/Bastien-Antigravity/distributed-config/cmd/test/main.go:20.2,20.52 1 0
github.com/Bastien-Antigravity/distributed-config/cmd/test/main.go:20.52,22.3 1 0
github.com/Bastien-Antigravity/distributed-config/cmd/test/main.go:24.2,25.12 2 0
github.com/Bastien-Antigravity/distributed-config/cmd/test/main.go:25.12,28.3 2 0
github.com/Bastien-Antigravity/distributed-config/cmd/test/main.go:29.2,29.33 1 0
github.com/Bastien-Antigravity/distributed-config/cmd/test/main.go:32.55,34.35 2 0
github.com/Bastien-Antigravity/distributed-config/cmd/test/main.go:34.35,37.3 2 0
github.com/Bastien-Antigravity/distributed-config/cmd/test/main.go:38.2,39.13 2 0
github.com/Bastien-Antigravity/distributed-config/cmd/test/main.go:42.36,45.19 2 0
github.com/Bastien-Antigravity/distributed-config/cmd/test/main.go:45.19,47.3 1 0
github.com/Bastien-Antigravity/distributed-config/cmd/test/main.go:51.2,51.12 1 0
github.com/Bastien-Antigravity/distributed-config/cmd/test/main.go:54.30,57.19 2 0
github.com/Bastien-Antigravity/distributed-config/cmd/test/main.go:57.19,59.3 1 0
github.com/Bastien-Antigravity/distributed-config/cmd/test/main.go:62.2,63.69 2 0
github.com/Bastien-Antigravity/distributed-config/cmd/test/main.go:63.69,65.3 1 0
github.com/Bastien-Antigravity/distributed-config/cmd/test/main.go:68.2,68.14 1 0
github.com/Bastien-Antigravity/distributed-config/cmd/test/main.go:68.14,70.3 1 0
github.com/Bastien-Antigravity/distributed-config/cmd/test/main.go:74.2,74.12 1 0
github.com/Bastien-Antigravity/distributed-config/src/factory/config_factory.go:13.69,14.17 1 0
github.com/Bastien-Antigravity/distributed-config/src/factory/config_factory.go:15.20,16.47 1 0
github.com/Bastien-Antigravity/distributed-config/src/factory/config_factory.go:17.14,18.41 1 0
github.com/Bastien-Antigravity/distributed-config/src/factory/config_factory.go:19.17,20.44 1 0
github.com/Bastien-Antigravity/distributed-config/src/factory/config_factory.go:21.20,22.47 1 0
github.com/Bastien-Antigravity/distributed-config/src/factory/config_factory.go:23.10,24.109 1 0
github.com/Bastien-Antigravity/distributed-config/src/schemas/config.pb.go:55.46,59.2 3 0
github.com/Bastien-Antigravity/distributed-config/src/schemas/config.pb.go:61.40,63.2 1 0
github.com/Bastien-Antigravity/distributed-config/src/schemas/config.pb.go:65.63,67.2 1 0
github.com/Bastien-Antigravity/distributed-config/src/schemas/config.pb.go:69.51,71.2 1 0
github.com/Bastien-Antigravity/distributed-config/src/schemas/config.pb.go:73.57,75.2 1 0
github.com/Bastien-Antigravity/distributed-config/src/schemas/config.pb.go:78.55,80.2 1 0
github.com/Bastien-Antigravity/distributed-config/src/schemas/config.pb.go:92.29,97.2 4 0
github.com/Bastien-Antigravity/distributed-config/src/schemas/config.pb.go:99.37,101.2 1 0
github.com/Bastien-Antigravity/distributed-config/src/schemas/config.pb.go:103.35,103.36 0 0
github.com/Bastien-Antigravity/distributed-config/src/schemas/config.pb.go:105.57,107.14 2 0
github.com/Bastien-Antigravity/distributed-config/src/schemas/config.pb.go:107.14,109.34 2 0
github.com/Bastien-Antigravity/distributed-config/src/schemas/config.pb.go:109.34,111.4 1 0
github.com/Bastien-Antigravity/distributed-config/src/schemas/config.pb.go:112.3,112.12 1 0
github.com/Bastien-Antigravity/distributed-config/src/schemas/config.pb.go:114.2,114.24 1 0
github.com/Bastien-Antigravity/distributed-config/src/schemas/config.pb.go:118.48,120.2 1 0
github.com/Bastien-Antigravity/distributed-config/src/schemas/config.pb.go:122.48,123.14 1 0
github.com/Bastien-Antigravity/distributed-config/src/schemas/config.pb.go:123.14,125.3 1 0
github.com/Bastien-Antigravity/distributed-config/src/schemas/config.pb.go:126.2,126.27 1 0
github.com/Bastien-Antigravity/distributed-config/src/schemas/config.pb.go:129.41,130.14 1 0
github.com/Bastien-Antigravity/distributed-config/src/schemas/config.pb.go:130.14,132.3 1 0
github.com/Bastien-Antigravity/distributed-config/src/schemas/config.pb.go:133.2,133.12 1 0
github.com/Bastien-Antigravity/distributed-config/src/schemas/config.pb.go:157.45,158.42 1 0
github.com/Bastien-Antigravity/distributed-config/src/schemas/config.pb.go:158.42,160.3 1 0
github.com/Bastien-Antigravity/distributed-config/src/schemas/config.pb.go:161.2,161.38 1 0
github.com/Bastien-Antigravity/distributed-config/src/schemas/config.pb.go:179.13,179.41 1 0
github.com/Bastien-Antigravity/distributed-config/src/schemas/config.pb.go:180.31,181.30 1 0
github.com/Bastien-Antigravity/distributed-config/src/schemas/config.pb.go:181.30,183.3 1 0
github.com/Bastien-Antigravity/distributed-config/src/schemas/config.pb.go:184.2,201.33 5 0
github.com/Bastien-Antigravity/distributed-config/src/utils/logger.go:22.42,23.16 1 0
github.com/Bastien-Antigravity/distributed-config/src/utils/logger.go:23.16,25.3 1 0
github.com/Bastien-Antigravity/distributed-config/src/utils/logger.go:26.2,26.12 1 0
github.com/Bastien-Antigravity/distributed-config/src/utils/logger.go:31.48,31.49 0 0
github.com/Bastien-Antigravity/distributed-config/src/utils/logger.go:32.55,32.91 1 0
github.com/Bastien-Antigravity/distributed-config/src/utils/logger.go:33.48,33.49 0 0
github.com/Bastien-Antigravity/distributed-config/src/utils/logger.go:34.48,34.49 0 0
github.com/Bastien-Antigravity/distributed-config/src/utils/logger.go:35.48,35.49 0 0
github.com/Bastien-Antigravity/distributed-config/src/utils/logger.go:36.48,36.49 0 0
github.com/Bastien-Antigravity/distributed-config/src/utils/logger.go:37.48,37.49 0 0
github.com/Bastien-Antigravity/distributed-config/src/utils/logger.go:38.48,38.49 0 0
github.com/Bastien-Antigravity/distributed-config/src/utils/logger.go:39.48,39.49 0 0
github.com/Bastien-Antigravity/distributed-config/src/utils/logger.go:40.48,40.49 0 0
github.com/Bastien-Antigravity/distributed-config/src/utils/logger.go:41.48,41.49 0 0
